// Jest Snapshot v1, https://goo.gl/fbAQLP

exports[`Should render Dashboard page 1`] = `
<div>
  <div
    style="overflow: hidden; background: rgb(247, 248, 255);"
  >
    <div
      class="sc-fznBMq jhagdn"
    >
      <div
        class="sc-fzobTh kiWahS"
        data-testid="sidebar"
      >
        <div
          class="sc-fzpdyU dHaHAz"
        >
          <svg>
            Logo.svg
          </svg>
          <div>
            KanBan
          </div>
        </div>
        <div
          class="sc-fzqKVi fUmWMg"
        />
        <div
          class="sc-fzoCUK jMzGcJ"
        >
          <div
            class="sc-fzoOEf WCNDB"
          >
            <svg
              fill="currentColor"
              height="1em"
              stroke="currentColor"
              stroke-width="0"
              viewBox="0 0 24 24"
              width="1em"
              xmlns="http://www.w3.org/2000/svg"
            >
              <path
                d="M3 13h8V3H3v10zm0 8h8v-6H3v6zm10 0h8V11h-8v10zm0-18v6h8V3h-8z"
              />
            </svg>
          </div>
          <div>
            Dashboard
          </div>
        </div>
        <div
          class="sc-fzoCUK jMzGcJ"
        >
          <div
            class="sc-fzoOEf WCNDB"
          >
            <svg
              fill="currentColor"
              height="1em"
              stroke="currentColor"
              stroke-width="0"
              viewBox="0 0 20 20"
              width="1em"
              xmlns="http://www.w3.org/2000/svg"
            >
              <path
                d="M2 4a1 1 0 011-1h2a1 1 0 011 1v12a1 1 0 01-1 1H3a1 1 0 01-1-1V4zM8 4a1 1 0 011-1h2a1 1 0 011 1v12a1 1 0 01-1 1H9a1 1 0 01-1-1V4zM15 3a1 1 0 00-1 1v12a1 1 0 001 1h2a1 1 0 001-1V4a1 1 0 00-1-1h-2z"
              />
            </svg>
          </div>
          <div>
            Boards
          </div>
        </div>
        <div
          class="sc-fzoCUK jMzGcJ"
        >
          <div
            class="sc-fzoOEf WCNDB"
          >
            <svg
              fill="currentColor"
              height="1em"
              stroke="currentColor"
              stroke-width="0"
              viewBox="0 0 512 512"
              width="1em"
              xmlns="http://www.w3.org/2000/svg"
            >
              <path
                d="M413.967 276.8c1.06-6.235 1.06-13.518 1.06-20.8s-1.06-13.518-1.06-20.8l44.667-34.318c4.26-3.118 5.319-8.317 2.13-13.518L418.215 115.6c-2.129-4.164-8.507-6.235-12.767-4.164l-53.186 20.801c-10.638-8.318-23.394-15.601-36.16-20.801l-7.448-55.117c-1.06-4.154-5.319-8.318-10.638-8.318h-85.098c-5.318 0-9.577 4.164-10.637 8.318l-8.508 55.117c-12.767 5.2-24.464 12.482-36.171 20.801l-53.186-20.801c-5.319-2.071-10.638 0-12.767 4.164L49.1 187.365c-2.119 4.153-1.061 10.399 2.129 13.518L96.97 235.2c0 7.282-1.06 13.518-1.06 20.8s1.06 13.518 1.06 20.8l-44.668 34.318c-4.26 3.118-5.318 8.317-2.13 13.518L92.721 396.4c2.13 4.164 8.508 6.235 12.767 4.164l53.187-20.801c10.637 8.318 23.394 15.601 36.16 20.801l8.508 55.117c1.069 5.2 5.318 8.318 10.637 8.318h85.098c5.319 0 9.578-4.164 10.638-8.318l8.518-55.117c12.757-5.2 24.464-12.482 36.16-20.801l53.187 20.801c5.318 2.071 10.637 0 12.767-4.164l42.549-71.765c2.129-4.153 1.06-10.399-2.13-13.518l-46.8-34.317zm-158.499 52c-41.489 0-74.46-32.235-74.46-72.8s32.971-72.8 74.46-72.8 74.461 32.235 74.461 72.8-32.972 72.8-74.461 72.8z"
              />
            </svg>
          </div>
          <div>
            Settings
          </div>
        </div>
        <div
          class="sc-fznzqM hdLJal"
        />
        <div>
          <div
            class="sc-fzppip newCc"
          >
            <div
              class="sc-fznZeY cKnFVy"
            >
              <svg
                fill="none"
                height="1em"
                stroke="currentColor"
                stroke-linecap="round"
                stroke-linejoin="round"
                stroke-width="2"
                viewBox="0 0 24 24"
                width="1em"
                xmlns="http://www.w3.org/2000/svg"
              >
                <path
                  d="M9 21H5a2 2 0 0 1-2-2V5a2 2 0 0 1 2-2h4"
                />
                <polyline
                  points="16 17 21 12 16 7"
                />
                <line
                  x1="21"
                  x2="9"
                  y1="12"
                  y2="12"
                />
              </svg>
            </div>
            <div>
              Logout
            </div>
          </div>
          <div
            class="sc-fzqyvX kNbHtW"
          >
            <div
              class="sc-fznAgC dyjSNL"
              size="35"
            >
              JD
            </div>
            <div>
              John Doe
            </div>
          </div>
        </div>
        <div
          class="sc-fzooss daEgVW"
        >
          <div
            class="sc-fznZeY gjjbVi"
            data-testid="sidebar-trigger"
          >
            <svg
              data-testid="sidebar-chevron-left"
              fill="none"
              height="1em"
              stroke="currentColor"
              stroke-linecap="round"
              stroke-linejoin="round"
              stroke-width="2"
              viewBox="0 0 24 24"
              width="1em"
              xmlns="http://www.w3.org/2000/svg"
            >
              <polyline
                points="15 18 9 12 15 6"
              />
            </svg>
          </div>
        </div>
      </div>
      <div>
        <div
          class="sc-fzppAM cwISp"
        />
        <div
          class="sc-fznNvL hzmXKU"
        >
          <div>
            Dashboard
          </div>
        </div>
      </div>
    </div>
  </div>
</div>
`;

exports[`Should render home page 1`] = `
<div>
  <div
    style="overflow: hidden; background: rgb(247, 248, 255);"
  >
    <div
      class="sc-fzpdbB ebIqaw"
    >
      <div
        class="sc-fzqzEs EgZsU"
      >
        <div />
        <div
          class="sc-fzqOul brOgxN"
        >
          <svg>
            Logo.svg
          </svg>
        </div>
        <div
          class="sc-fzoPby ihzxVf"
        >
          <div
            class="sc-fzoCCn kWIRIS"
          >
            Log In
          </div>
          <div>
            or
          </div>
          <button
            class="sc-fznKkj digwXQ"
          >
            Sign Up
          </button>
        </div>
      </div>
    </div>
  </div>
</div>
`;
